// Jest Snapshot v1, https://goo.gl/fbAQLP

exports[`Checkbox Snapshot: Checked 1`] = `
<label
  data-swarm-checkbox="default"
>
  <span
    aria-checked={true}
    data-swarm-checkbox-field="checked"
    role="checkbox"
  >
    <Icon
      color="#ffffff"
      shape="check"
      size="xs"
    />
  </span>
  <input
    checked={true}
    readOnly={true}
    type="checkbox"
    value="undefined"
  />
  <span>
    Uncheck me
  </span>
</label>
`;

exports[`Checkbox Snapshot: Default 1`] = `
<label
  data-swarm-checkbox="default"
>
  <span
    data-swarm-checkbox-field="unchecked"
    role="checkbox"
  />
  <input
    readOnly={true}
    type="checkbox"
    value="undefined"
  />
  <span>
    Check me
  </span>
</label>
`;

exports[`Checkbox Snapshot: Disabled checked 1`] = `
<label
  data-swarm-checkbox="disabled"
>
  <span
    aria-checked={true}
    data-swarm-checkbox-field="checked"
    role="checkbox"
  >
    <Icon
      color="var(--color-gray-6)"
      shape="check"
      size="xs"
    />
  </span>
  <input
    checked={true}
    disabled={true}
    readOnly={true}
    type="checkbox"
    value="undefined"
  />
  <span>
    Can't uncheck me
  </span>
</label>
`;

exports[`Checkbox Snapshot: Disabled unchecked 1`] = `
<label
  data-swarm-checkbox="disabled"
>
  <span
    data-swarm-checkbox-field="unchecked"
    role="checkbox"
  />
  <input
    disabled={true}
    readOnly={true}
    type="checkbox"
    value="undefined"
  />
  <span>
    Can't check me
  </span>
</label>
`;
