// Jest Snapshot v1, https://goo.gl/fbAQLP

exports[`TextInput Snapshot: Default (empty) 1`] = `
<div
  data-swarm-text-input-wrapper="default"
>
  <input
    data-swarm-text-input="default"
    id="default"
    name="default"
    type="text"
    value=""
  />
</div>
`;

exports[`TextInput Snapshot: Default (value) 1`] = `
<div
  data-swarm-text-input-wrapper="default"
>
  <input
    data-swarm-text-input="default"
    id="default"
    name="default"
    type="text"
    value="foo"
  />
</div>
`;

exports[`TextInput Snapshot: Disabled 1`] = `
<div
  data-swarm-text-input-wrapper="default"
>
  <input
    data-swarm-text-input="disabled"
    disabled={true}
    id="disabled"
    name="disabled"
    type="text"
    value=""
  />
</div>
`;

exports[`TextInput Snapshot: Error 1`] = `
<div
  data-swarm-text-input-wrapper="default"
>
  <input
    data-swarm-text-input="error"
    id="error"
    name="error"
    type="text"
    value=""
  />
</div>
`;

exports[`TextInput Snapshot: Icon (custom size) 1`] = `
<div
  data-swarm-text-input-wrapper="icon"
>
  <input
    data-swarm-text-input="default"
    iconSize="m"
    id="iconsize"
    name="iconsize"
    type="text"
    value=""
  />
  <span
    data-swarm-input-icon="location-pin"
  >
    <Icon
      aria-hidden={true}
      shape="location-pin"
    />
  </span>
</div>
`;

exports[`TextInput Snapshot: Icon 1`] = `
<div
  data-swarm-text-input-wrapper="icon"
>
  <input
    data-swarm-text-input="default"
    id="icon"
    name="icon"
    type="text"
    value=""
  />
  <span
    data-swarm-input-icon="location-pin"
  >
    <Icon
      aria-hidden={true}
      shape="location-pin"
    />
  </span>
</div>
`;

exports[`TextInput Snapshot: Pattern 1`] = `
<div
  data-swarm-text-input-wrapper="default"
>
  <input
    data-swarm-text-input="default"
    id="pattern"
    name="pattern"
    pattern="[A-Za-z]{3}"
    type="text"
    value=""
  />
</div>
`;

exports[`TextInput Snapshot: isSearch 1`] = `
<div
  data-swarm-text-input-wrapper="default"
>
  <input
    data-swarm-text-input="default"
    id="isSearch"
    name="isSearch"
    type="search"
    value=""
  />
</div>
`;

exports[`TextInput Snapshot: maxLength (char count) 1`] = `
<div
  data-swarm-text-input-wrapper="default"
>
  <input
    data-swarm-text-input="default"
    id="maxLength"
    name="maxLength"
    type="text"
    value="foo fooo"
  />
  <CharCount
    charLength={8}
    maxLength={20}
  />
</div>
`;

exports[`TextInput Snapshot: onChange 1`] = `
<div
  data-swarm-text-input-wrapper="default"
>
  <input
    data-swarm-text-input="default"
    id="onChange"
    name="onChange"
    onChange={[MockFunction]}
    type="text"
    value=""
  />
</div>
`;
